NetCOBOL V12.2.0                           2021年06月05日(土) 00時09分28秒  0001                                        


＊＊　指定翻訳オプション　＊＊


NOMAIN,SOURCE,MESSAGE,DLOAD,MAIN(MAIN),XREF,COPY


＊＊　確定翻訳オプション　＊＊


  ALPHAL(ALL)             DUPCHAR(EXT)          NOMAP                     RSV(ALL)                SYNC(FJ)              
  ASCOMP5(NONE)           ENCODE(SJIS,SJIS)       MESSAGE               NOSAI                     TAB(8)                
  BINARY(WORD,MLBON)    NOEQUALS                  MF(NONE)                SCS(ACP)              NOTEST                  
NOCHECK                   FILELIT(LIT)          NONAME                    SDS                     THREAD(SINGLE)        
NOCONF                    FLAG(I)                 NCW(STD)              NOSHREXT                NOTRACE                 
  CONVCHAR(ICONV)       NOFLAGSW                  NSP                     SMSIZE(0)             NOTRUNC                 
  COPY(FULL)            NOINITVALUE               NSPCOMP(NSP)            SOURCE(1)               XREF(FULL)            
NOCOUNT                   LANGLVL(85)           NONUMBER                  SQLGRP                  ZWB                   
  CREATE(OBJ)             LINECOUNT(0)            OBJECT                  SRF(VAR,VAR)                                  
  CURRENCY(\)             LINESIZE(0)           NOOPTIMIZE                SSIN(SYSIN)                                   
  DLOAD                 NOLIST                    QUOTE                   SSOUT(SYSOUT)                                 
NODNTB                    MAIN(MAIN)              RCS(ACP)                STD1(JIS2)                                    


＊＊　ＣＯＰＹ情報　＊＊


   修飾値      行番号  原文名


        1           5  COPY0001                                                                                         


     行番号 一連番号 A   B


          1   000010 PROGRAM-ID.                 COPYREPL.
          2   000020 DATA                        DIVISION.
          3   000030 WORKING-STORAGE             SECTION.
          4   000031 01 filler.
          5   000040 COPY COPY0001 REPLACING == 'F0' == BY == '31' ==
          6   000041                         == BBBBBBB == BY == BBBBBB2 ==
          7   000042                         == X(1). == BY == X(2). ==
          8   000043                         == X'F6' == BY == X'37' ==.
        1-1 C            03 AAAAAAA PIC X(1) VALUE X'F0'.
        1-2 C            03 BBBBBB2 PIC X(1) VALUE X'F2'.
        1-3 C            03 CCCCCCC PIC X(1) VALUE X'F4'.
        1-4 C            03 DDDDDDD PIC X(1) VALUE X'37'.
        1-5 C            03 EEEEEEE PIC X(2).
        1-6 C        
          9   000050 PROCEDURE                   DIVISION.
         10   000060     MOVE AAAAAAA TO EEEEEEE.
         11   000061     DISPLAY  EEEEEEE
         12   000070     STOP RUN.
         13   000080 
         14   000090 


     定義行　名標 　　　　　　　　　　　　　　　　属性と参照行                 A:ARGUMENT D:DATA P:PERFORM R:REFER S:SET


        1-1  AAAAAAA                         10R
        1-2  BBBBBB2                        
        1-3  CCCCCCC                        
          1  COPYREPL                       
        1-4  DDDDDDD                        
        1-5  EEEEEEE                         10S 11R


＊＊　プログラム特性リスト　＊＊

　ファイル名 = .\soc\copyrepl.cob
　ソース名　 = COPYREPL
　翻訳日付　 = 2021年06月05日(土) 00時09分28秒

　　原始プログラムのレコード数　　　　　　　　　=         20 レコード
　　目的プログラムの大きさ（ＣＯＤＥサイズ）　　=       1585 バイト
　　目的プログラムの大きさ（ＤＡＴＡサイズ）　　=        208 バイト
　　制御レベル　　　　　　　　　　　　　　　　　=       0101 レベル
　　翻訳に要した時間　　　　　　　　　　　　　　=       0.22 秒

　最大重大度コード = I
