NetCOBOL V12.2.0                           2021年06月05日(土) 00時10分12秒  0001                                        


＊＊　指定翻訳オプション　＊＊


NOMAIN,SOURCE,MESSAGE,DLOAD,MAIN(MAIN),XREF,COPY


＊＊　確定翻訳オプション　＊＊


  ALPHAL(ALL)             DUPCHAR(EXT)          NOMAP                     RSV(ALL)                SYNC(FJ)              
  ASCOMP5(NONE)           ENCODE(SJIS,SJIS)       MESSAGE               NOSAI                     TAB(8)                
  BINARY(WORD,MLBON)    NOEQUALS                  MF(NONE)                SCS(ACP)              NOTEST                  
NOCHECK                   FILELIT(LIT)          NONAME                    SDS                     THREAD(SINGLE)        
NOCONF                    FLAG(I)                 NCW(STD)              NOSHREXT                NOTRACE                 
  CONVCHAR(ICONV)       NOFLAGSW                  NSP                     SMSIZE(0)             NOTRUNC                 
  COPY(FULL)            NOINITVALUE               NSPCOMP(NSP)            SOURCE(1)               XREF(FULL)            
NOCOUNT                   LANGLVL(85)           NONUMBER                  SQLGRP                  ZWB                   
  CREATE(OBJ)             LINECOUNT(0)            OBJECT                  SRF(VAR,VAR)                                  
  CURRENCY(\)             LINESIZE(0)           NOOPTIMIZE                SSIN(SYSIN)                                   
  DLOAD                 NOLIST                    QUOTE                   SSOUT(SYSOUT)                                 
NODNTB                    MAIN(MAIN)              RCS(ACP)                STD1(JIS2)                                    


     行番号 一連番号 A   B


          1   000010 IDENTIFICATION   DIVISION.
          2   000020 PROGRAM-ID.      FILEIO.
          3   000030 
          4   000040 ENVIRONMENT      DIVISION.
          5   000050 INPUT-OUTPUT     SECTION.
          6   000060 FILE-CONTROL.
          7   000070 
          8   000080 DATA             DIVISION.
          9   000090 FILE             SECTION.
         10   000100 WORKING-STORAGE  SECTION.
         11   000110 
         12   000120 01     WORK-A.
         13   000130   03   PACK1           PIC     9(05)   COMP-3.
         14   000140   03   PACK2           PIC     9(05)   COMP-3.
         15   000150   03   PACK3           PIC     9(05)   COMP-3.
         16   000160 
         17   000170 PROCEDURE        DIVISION.
         18   000180 MAIN             SECTION.
         19   000190     MOVE  99999 TO  PACK1.
         20   000200     ADD   1     TO  PACK1.
         21   000210     DISPLAY '99999 + 1=' PACK1.
         22   000211     MOVE  33333 TO  PACK2.
         23   000212     MOVE  0     TO  PACK1.
         24   000220     COMPUTE  PACK3 = PACK2 / PACK1.
         25   000230     DISPLAY '3333 / 0=' PACK3
         26   000240*
         27   000250     EXIT PROGRAM.
         28   000260 MAIN-EX.
         29   000270/
         30   000280 EXIT-PROGRAM.


     定義行　名標 　　　　　　　　　　　　　　　　属性と参照行                 A:ARGUMENT D:DATA P:PERFORM R:REFER S:SET


         30  EXIT-PROGRAM                   
          2  FILEIO                         
         18  MAIN                           
         28  MAIN-EX                        
         13  PACK1                           19S 20S 21R 23S 24R
         14  PACK2                           22S 24R
         15  PACK3                           24S 25R
         12  WORK-A                         


＊＊　プログラム特性リスト　＊＊

　ファイル名 = .\soc\ovflow.cob
　ソース名　 = FILEIO
　翻訳日付　 = 2021年06月05日(土) 00時10分12秒

　　原始プログラムのレコード数　　　　　　　　　=         30 レコード
　　目的プログラムの大きさ（ＣＯＤＥサイズ）　　=       2509 バイト
　　目的プログラムの大きさ（ＤＡＴＡサイズ）　　=        236 バイト
　　制御レベル　　　　　　　　　　　　　　　　　=       0101 レベル
　　翻訳に要した時間　　　　　　　　　　　　　　=       0.26 秒

　最大重大度コード = I
