NetCOBOL V12.2.0                           2021年06月06日(日) 12時56分51秒  0001                                        


＊＊　指定翻訳オプション　＊＊


NOMAIN,SOURCE,MESSAGE,NODLOAD,MAIN(MAIN),XREF,COPY


＊＊　確定翻訳オプション　＊＊


  ALPHAL(ALL)             DUPCHAR(EXT)          NOMAP                     RSV(ALL)                SYNC(FJ)              
  ASCOMP5(NONE)           ENCODE(SJIS,SJIS)       MESSAGE               NOSAI                     TAB(8)                
  BINARY(WORD,MLBON)    NOEQUALS                  MF(NONE)                SCS(ACP)              NOTEST                  
NOCHECK                   FILELIT(LIT)          NONAME                    SDS                     THREAD(SINGLE)        
NOCONF                    FLAG(I)                 NCW(STD)              NOSHREXT                NOTRACE                 
  CONVCHAR(ICONV)       NOFLAGSW                  NSP                     SMSIZE(0)             NOTRUNC                 
  COPY(FULL)            NOINITVALUE               NSPCOMP(NSP)            SOURCE(1)               XREF(FULL)            
NOCOUNT                   LANGLVL(85)           NONUMBER                  SQLGRP                  ZWB                   
  CREATE(OBJ)             LINECOUNT(0)            OBJECT                  SRF(VAR,VAR)                                  
  CURRENCY(\)             LINESIZE(0)           NOOPTIMIZE                SSIN(SYSIN)                                   
NODLOAD                 NOLIST                    QUOTE                   SSOUT(SYSOUT)                                 
NODNTB                    MAIN(MAIN)              RCS(ACP)                STD1(JIS2)                                    


＊＊　ＣＯＰＹ情報　＊＊


   修飾値      行番号  原文名


        1          20  SORTREC                                                                                          
        2          25  SORTREC                                                                                          
        3          30  SORTREC                                                                                          
        4          38  SORTREC                                                                                          


     行番号 一連番号 A   B


          1   000010 IDENTIFICATION   DIVISION.
          2   000020 PROGRAM-ID.      FILEW.
          3   000030 
          4   000040 ENVIRONMENT      DIVISION.
          5   000050 INPUT-OUTPUT     SECTION.
          6   000060 FILE-CONTROL.
          7   000070     SELECT  V-INFILE  ASSIGN TO     VFILEIN
          8   000080             ORGANIZATION  IS LINE   SEQUENTIAL.
          9   000090 
         10   000100     SELECT  V-OTFILE  ASSIGN TO     VFILEOT
         11   000110             ORGANIZATION  IS LINE   SEQUENTIAL.
         12   000120 
         13   000130     SELECT  SORT-FILE  ASSIGN  TO  SORTWK01.
         14   000140 
         15   000150 DATA             DIVISION.
         16   000160 FILE             SECTION.
         17   000170 FD      V-INFILE
         18   000180         RECORD    IS  VARYING IN SIZE  DEPENDING ON  V-LLIN.
         19   000190 01      V-REC01-IN.
         20   000200     COPY  SORTREC.
        1-1 C 000010* VFILE.CBL
        1-2 C 000020*
        1-3 C 000030     07  DUMMYREC.
        1-4 C 000040       08  KEYAREA.                           *> 1-36
        1-5 C 000050       09    RECNO                        PIC  9(08).
        1-6 C 000060       09    DELIM0                       PIC  X(1).
        1-7 C 000070       09    KEY1                         PIC  9(08).
        1-8 C 000080       09    DELIM1                       PIC  X(01).
        1-9 C 000090       09    KEY2                         PIC  9(08).
       1-10 C 000100       09    DELIM2                       PIC  X(01).
       1-11 C 000110       09    KEY3                         PIC  9(08).
       1-12 C 000120       09    DELIM3                       PIC  X(01).
       1-13 C 000130       08  DATAAREA.                      *> 37-1024
       1-14 C 000140       09    BODY                         PIC  X(988).
       1-15 C 000150*
       1-16 C 000160     07  REC1           REDEFINES       DUMMYREC.
       1-17 C 000170       08  KEYAREA.                           *> 1-36
       1-18 C 000180       09    FILLER                       PIC  9(08).
       1-19 C 000190       09    FILLER                       PIC  X(1).
       1-20 C 000200       09    FILLER                       PIC  9(08).
       1-21 C 000210       09    FILLER                       PIC  X(01).
       1-22 C 000220       09    FILLER                       PIC  9(08).
       1-23 C 000230       09    FILLER                       PIC  X(01).
       1-24 C 000240       09    FILLER                       PIC  9(08).
       1-25 C 000250       09    FILLER                       PIC  X(01).
       1-26 C 000260       08  DATAAREA.                      *> 37-1024
       1-27 C 000270       09    BODY1                        PIC  X(988).
       1-28 C 000280*
       1-29 C 000290     07  REC2           REDEFINES       DUMMYREC.
       1-30 C 000300       08  KEYAREA.                           *> 1-36
       1-31 C 000310       09    FILLER                       PIC  9(08).
       1-32 C 000320       09    FILLER                       PIC  X(1).
       1-33 C 000330       09    FILLER                       PIC  9(08).
       1-34 C 000340       09    FILLER                       PIC  X(01).
       1-35 C 000350       09    FILLER                       PIC  9(08).
       1-36 C 000360       09    FILLER                       PIC  X(01).
       1-37 C 000370       09    FILLER                       PIC  9(08).
       1-38 C 000380       09    FILLER                       PIC  X(01).
       1-39 C 000390       08  DATAAREA.                      *> 37-160
       1-40 C 000400       09    BODY2                        PIC  X(124).
       1-41 C 000410 
       1-42 C 000420*
       1-43 C 000430     07  REC3           REDEFINES       DUMMYREC.
       1-44 C 000440       08  KEYAREA.                           *> 1-36
       1-45 C 000450       09    FILLER                       PIC  9(08).
       1-46 C 000460       09    FILLER                       PIC  X(1).
       1-47 C 000470       09    FILLER                       PIC  9(08).
       1-48 C 000480       09    FILLER                       PIC  X(01).
       1-49 C 000490       09    FILLER                       PIC  9(08).
       1-50 C 000500       09    FILLER                       PIC  X(01).
       1-51 C 000510       09    FILLER                       PIC  9(08).
       1-52 C 000520       09    FILLER                       PIC  X(01).
       1-53 C 000530       08  DATAAREA.                      *> 37-256
       1-54 C 000540       09    BODY3                        PIC  X(220).
         21   000210 
         22   000220 FD      V-OTFILE
         23   000230         RECORD    IS  VARYING IN SIZE  DEPENDING ON  V-LLOT.
         24   000240 01      V-REC01-OT.
         25   000250     COPY  SORTREC.
        2-1 C 000010* VFILE.CBL
        2-2 C 000020*
        2-3 C 000030     07  DUMMYREC.
        2-4 C 000040       08  KEYAREA.                           *> 1-36
        2-5 C 000050       09    RECNO                        PIC  9(08).
        2-6 C 000060       09    DELIM0                       PIC  X(1).
        2-7 C 000070       09    KEY1                         PIC  9(08).
        2-8 C 000080       09    DELIM1                       PIC  X(01).
        2-9 C 000090       09    KEY2                         PIC  9(08).
       2-10 C 000100       09    DELIM2                       PIC  X(01).
       2-11 C 000110       09    KEY3                         PIC  9(08).
       2-12 C 000120       09    DELIM3                       PIC  X(01).
       2-13 C 000130       08  DATAAREA.                      *> 37-1024
       2-14 C 000140       09    BODY                         PIC  X(988).
       2-15 C 000150*
       2-16 C 000160     07  REC1           REDEFINES       DUMMYREC.
       2-17 C 000170       08  KEYAREA.                           *> 1-36
       2-18 C 000180       09    FILLER                       PIC  9(08).
       2-19 C 000190       09    FILLER                       PIC  X(1).
       2-20 C 000200       09    FILLER                       PIC  9(08).
       2-21 C 000210       09    FILLER                       PIC  X(01).
       2-22 C 000220       09    FILLER                       PIC  9(08).
       2-23 C 000230       09    FILLER                       PIC  X(01).
       2-24 C 000240       09    FILLER                       PIC  9(08).
       2-25 C 000250       09    FILLER                       PIC  X(01).
       2-26 C 000260       08  DATAAREA.                      *> 37-1024
       2-27 C 000270       09    BODY1                        PIC  X(988).
       2-28 C 000280*
       2-29 C 000290     07  REC2           REDEFINES       DUMMYREC.
       2-30 C 000300       08  KEYAREA.                           *> 1-36
       2-31 C 000310       09    FILLER                       PIC  9(08).
       2-32 C 000320       09    FILLER                       PIC  X(1).
       2-33 C 000330       09    FILLER                       PIC  9(08).
       2-34 C 000340       09    FILLER                       PIC  X(01).
       2-35 C 000350       09    FILLER                       PIC  9(08).
       2-36 C 000360       09    FILLER                       PIC  X(01).
       2-37 C 000370       09    FILLER                       PIC  9(08).
       2-38 C 000380       09    FILLER                       PIC  X(01).
       2-39 C 000390       08  DATAAREA.                      *> 37-160
       2-40 C 000400       09    BODY2                        PIC  X(124).
       2-41 C 000410 
       2-42 C 000420*
       2-43 C 000430     07  REC3           REDEFINES       DUMMYREC.
       2-44 C 000440       08  KEYAREA.                           *> 1-36
       2-45 C 000450       09    FILLER                       PIC  9(08).
       2-46 C 000460       09    FILLER                       PIC  X(1).
       2-47 C 000470       09    FILLER                       PIC  9(08).
       2-48 C 000480       09    FILLER                       PIC  X(01).
       2-49 C 000490       09    FILLER                       PIC  9(08).
       2-50 C 000500       09    FILLER                       PIC  X(01).
       2-51 C 000510       09    FILLER                       PIC  9(08).
       2-52 C 000520       09    FILLER                       PIC  X(01).
       2-53 C 000530       08  DATAAREA.                      *> 37-256
       2-54 C 000540       09    BODY3                        PIC  X(220).
         26   000260 
         27   000270 SD      SORT-FILE
         28   000280         RECORD    IS  VARYING IN SIZE  DEPENDING ON  V-SORT.
         29   000290 01      SORT-REC.
         30   000300     COPY  SORTREC.
        3-1 C 000010* VFILE.CBL
        3-2 C 000020*
        3-3 C 000030     07  DUMMYREC.
        3-4 C 000040       08  KEYAREA.                           *> 1-36
        3-5 C 000050       09    RECNO                        PIC  9(08).
        3-6 C 000060       09    DELIM0                       PIC  X(1).
        3-7 C 000070       09    KEY1                         PIC  9(08).
        3-8 C 000080       09    DELIM1                       PIC  X(01).
        3-9 C 000090       09    KEY2                         PIC  9(08).
       3-10 C 000100       09    DELIM2                       PIC  X(01).
       3-11 C 000110       09    KEY3                         PIC  9(08).
       3-12 C 000120       09    DELIM3                       PIC  X(01).
       3-13 C 000130       08  DATAAREA.                      *> 37-1024
       3-14 C 000140       09    BODY                         PIC  X(988).
       3-15 C 000150*
       3-16 C 000160     07  REC1           REDEFINES       DUMMYREC.
       3-17 C 000170       08  KEYAREA.                           *> 1-36
       3-18 C 000180       09    FILLER                       PIC  9(08).
       3-19 C 000190       09    FILLER                       PIC  X(1).
       3-20 C 000200       09    FILLER                       PIC  9(08).
       3-21 C 000210       09    FILLER                       PIC  X(01).
       3-22 C 000220       09    FILLER                       PIC  9(08).
       3-23 C 000230       09    FILLER                       PIC  X(01).
       3-24 C 000240       09    FILLER                       PIC  9(08).
       3-25 C 000250       09    FILLER                       PIC  X(01).
       3-26 C 000260       08  DATAAREA.                      *> 37-1024
       3-27 C 000270       09    BODY1                        PIC  X(988).
       3-28 C 000280*
       3-29 C 000290     07  REC2           REDEFINES       DUMMYREC.
       3-30 C 000300       08  KEYAREA.                           *> 1-36
       3-31 C 000310       09    FILLER                       PIC  9(08).
       3-32 C 000320       09    FILLER                       PIC  X(1).
       3-33 C 000330       09    FILLER                       PIC  9(08).
       3-34 C 000340       09    FILLER                       PIC  X(01).
       3-35 C 000350       09    FILLER                       PIC  9(08).
       3-36 C 000360       09    FILLER                       PIC  X(01).
       3-37 C 000370       09    FILLER                       PIC  9(08).
       3-38 C 000380       09    FILLER                       PIC  X(01).
       3-39 C 000390       08  DATAAREA.                      *> 37-160
       3-40 C 000400       09    BODY2                        PIC  X(124).
       3-41 C 000410 
       3-42 C 000420*
       3-43 C 000430     07  REC3           REDEFINES       DUMMYREC.
       3-44 C 000440       08  KEYAREA.                           *> 1-36
       3-45 C 000450       09    FILLER                       PIC  9(08).
       3-46 C 000460       09    FILLER                       PIC  X(1).
       3-47 C 000470       09    FILLER                       PIC  9(08).
       3-48 C 000480       09    FILLER                       PIC  X(01).
       3-49 C 000490       09    FILLER                       PIC  9(08).
       3-50 C 000500       09    FILLER                       PIC  X(01).
       3-51 C 000510       09    FILLER                       PIC  9(08).
       3-52 C 000520       09    FILLER                       PIC  X(01).
       3-53 C 000530       08  DATAAREA.                      *> 37-256
       3-54 C 000540       09    BODY3                        PIC  X(220).
         31   000310 
         32   000320 WORKING-STORAGE  SECTION.
         33   000330 01     CONSTANT-A.
         34   000340   03   FILLER          PIC     X(08)   VALUE '**CONS**'.
         35   000350*
         36   000360 01     SAVE-A.
         37   000370   03   SV-REC.
         38   000380      COPY  SORTREC. 
        4-1 C 000010* VFILE.CBL
        4-2 C 000020*
        4-3 C 000030     07  DUMMYREC.
        4-4 C 000040       08  KEYAREA.                           *> 1-36
        4-5 C 000050       09    RECNO                        PIC  9(08).
        4-6 C 000060       09    DELIM0                       PIC  X(1).
        4-7 C 000070       09    KEY1                         PIC  9(08).
        4-8 C 000080       09    DELIM1                       PIC  X(01).
        4-9 C 000090       09    KEY2                         PIC  9(08).
       4-10 C 000100       09    DELIM2                       PIC  X(01).
       4-11 C 000110       09    KEY3                         PIC  9(08).
       4-12 C 000120       09    DELIM3                       PIC  X(01).
       4-13 C 000130       08  DATAAREA.                      *> 37-1024
       4-14 C 000140       09    BODY                         PIC  X(988).
       4-15 C 000150*
       4-16 C 000160     07  REC1           REDEFINES       DUMMYREC.
       4-17 C 000170       08  KEYAREA.                           *> 1-36
       4-18 C 000180       09    FILLER                       PIC  9(08).
       4-19 C 000190       09    FILLER                       PIC  X(1).
       4-20 C 000200       09    FILLER                       PIC  9(08).
       4-21 C 000210       09    FILLER                       PIC  X(01).
       4-22 C 000220       09    FILLER                       PIC  9(08).
       4-23 C 000230       09    FILLER                       PIC  X(01).
       4-24 C 000240       09    FILLER                       PIC  9(08).
       4-25 C 000250       09    FILLER                       PIC  X(01).
       4-26 C 000260       08  DATAAREA.                      *> 37-1024
       4-27 C 000270       09    BODY1                        PIC  X(988).
       4-28 C 000280*
       4-29 C 000290     07  REC2           REDEFINES       DUMMYREC.
       4-30 C 000300       08  KEYAREA.                           *> 1-36
       4-31 C 000310       09    FILLER                       PIC  9(08).
       4-32 C 000320       09    FILLER                       PIC  X(1).
       4-33 C 000330       09    FILLER                       PIC  9(08).
       4-34 C 000340       09    FILLER                       PIC  X(01).
       4-35 C 000350       09    FILLER                       PIC  9(08).
       4-36 C 000360       09    FILLER                       PIC  X(01).
       4-37 C 000370       09    FILLER                       PIC  9(08).
       4-38 C 000380       09    FILLER                       PIC  X(01).
       4-39 C 000390       08  DATAAREA.                      *> 37-160
       4-40 C 000400       09    BODY2                        PIC  X(124).
       4-41 C 000410 
       4-42 C 000420*
       4-43 C 000430     07  REC3           REDEFINES       DUMMYREC.
       4-44 C 000440       08  KEYAREA.                           *> 1-36
       4-45 C 000450       09    FILLER                       PIC  9(08).
       4-46 C 000460       09    FILLER                       PIC  X(1).
       4-47 C 000470       09    FILLER                       PIC  9(08).
       4-48 C 000480       09    FILLER                       PIC  X(01).
       4-49 C 000490       09    FILLER                       PIC  9(08).
       4-50 C 000500       09    FILLER                       PIC  X(01).
       4-51 C 000510       09    FILLER                       PIC  9(08).
       4-52 C 000520       09    FILLER                       PIC  X(01).
       4-53 C 000530       08  DATAAREA.                      *> 37-256
       4-54 C 000540       09    BODY3                        PIC  X(220).
         39   000390*
         40   000400 01     WORK-A.
         41   000410   03   V-LLIN          PIC     9(04)   COMP.
         42   000420   03   V-LLOT          PIC     9(04)   COMP.
         43   000430   03   V-SORT          PIC     9(04)   COMP.
         44   000440   03   V-LLSV          PIC     9(04)   COMP.
         45   000450 
         46   000460   03   II              PIC     9(08)   COMP.
         47   000461   03   N-SORT          PIC     9(08)   COMP.
         48   000470*
         49   000480   03   ISEOF           PIC     9(04)   COMP.
         50   000490   03   ISBREAK         PIC     9(04)   COMP.
         51   000500   03   KBN             PIC     X(01)   VALUE  '0'.
         52   000510 
         53   000520 01  TIMEVAL-A.
         54   000530   03   TIMEVAL         PIC     9(08).
         55   000540 
         56   000550 LINKAGE          SECTION.
         57   000560 01 EXEC-PARM-A.
         58   000570   03   EXEC-LL         PIC  S9(04)  COMP-5.
         59   000580   03   EXEC-PARM       PIC  X(80).
         60   000590 
         61   000600 
         62   000610 PROCEDURE        DIVISION  USING  EXEC-PARM-A.
         63   000620 MAIN             SECTION.
         64   000630*
         65   000640     ACCEPT  TIMEVAL  FROM  TIME
         66   000650     DISPLAY  'JOBSTART :' TIMEVAL
         67   000660     DISPLAY  'JOBSTART :' TIMEVAL  UPON  SYSERR
         68   000661*
         69   000670     IF  EXEC-LL  NOT =  ZERO  THEN
         70   000680       MOVE  EXEC-PARM(1:1)  TO  KBN
         71   000690     END-IF
         72   000700 
         73   000710     OPEN  INPUT   V-INFILE
         74   000720     OPEN  OUTPUT  V-OTFILE
         75   000730     MOVE  0  TO  ISEOF
         76   000740** FIRST-READ
         77   000750     READ  V-INFILE
         78   000760       AT  END  MOVE  1  TO ISEOF
         79   000770     END-READ
         80   000780** READ TO SAVA 
         81   000790     MOVE  V-LLIN                TO  V-LLSV
         82   000800     MOVE  V-REC01-IN(1:V-LLIN)  TO  SV-REC(1:V-LLSV)
         83   000810 
         84   000811     MOVE  1  TO  N-SORT
         85   000820     PERFORM  TEST  BEFORE 
         86   000830       UNTIL  ISEOF  =  1
         87   000840       SORT  SORT-FILE
         88   000850         ON  DESCENDING  KEY1  OF  SORT-REC
         89   000860             DESCENDING  KEY2  OF  SORT-REC
         90   000870             DESCENDING  KEY3  OF  SORT-REC
         91   000880         INPUT   PROCEDURE  SORT-INPUT
         92   000890         OUTPUT  PROCEDURE  SORT-OUTPUT
         93   000891       ADD  1  TO  N-SORT
         94   000900     END-PERFORM
         95   000910     CLOSE  V-INFILE
         96   000920     CLOSE  V-OTFILE
         97   000930 
         98   000940     ACCEPT  TIMEVAL  FROM  TIME
         99   000950     DISPLAY  'JOBENDED :'  TIMEVAL
        100   000960     DISPLAY  'JOBENDED :'  TIMEVAL  UPON  SYSERR
        101   000961*
        102   000970     EXIT PROGRAM.
        103   000980 MAIN-EX.
        104   000990/
        105   001000 SORT-INPUT      SECTION.
        106   001010 
        107   001020     ACCEPT  TIMEVAL  FROM  TIME
        108   001030     DISPLAY  ' SORTI-START:' N-SORT ':' TIMEVAL
        109   001040 
        110   001050     MOVE  0  TO  ISBREAK
        111   001060     PERFORM  TEST  BEFORE  UNTIL  ISEOF  =  1  OR  ISBREAK  =  1
        112   001070** WRITE READ-RECORD TO SORT-REC
        113   001080       MOVE  V-LLIN  TO  V-SORT
        114   001090       MOVE  V-REC01-IN(1:V-LLIN)  TO  SORT-REC(1:V-SORT)
        115   001100       RELEASE  SORT-REC
        116   001110** READ-RECORD TO SV-RECORD
        117   001120       MOVE  V-LLIN                TO  V-LLSV
        118   001130       MOVE  V-REC01-IN(1:V-LLIN)  TO  SV-REC(1:V-LLSV)
        119   001140** NEXT-READ
        120   001150       READ  V-INFILE
        121   001160         AT  END  MOVE  1  TO  ISEOF
        122   001170       END-READ
        123   001180       IF  ISEOF NOT = 1  THEN
        124   001181         EVALUATE  KBN
        125   001192         WHEN '1'
        126   001193           IF  KEY1 OF V-REC01-IN NOT = KEY1 OF SV-REC  THEN
        127   001194             MOVE  1  TO  ISBREAK 
        128   001195           END-IF
        129   001196         WHEN '2'
        130   001197           IF  KEY1 OF V-REC01-IN NOT = KEY1 OF SV-REC  OR
        131   001198               KEY2 OF V-REC01-IN NOT = KEY2 OF SV-REC  THEN
        132   001199             MOVE  1  TO  ISBREAK
        133   001200           END-IF
        134   001201         WHEN '3'
        135   001204           IF  KEY1 OF V-REC01-IN NOT = KEY1 OF SV-REC  OR
        136   001205               KEY2 OF V-REC01-IN NOT = KEY2 OF SV-REC  OR
        137   001207               KEY3 OF V-REC01-IN NOT = KEY3 OF SV-REC  THEN
        138   001208             MOVE  1  TO  ISBREAK
        139   001209           END-IF
        140   001210         WHEN OTHER
        141   001211           CONTINUE
        142   001212         END-EVALUATE
        143   001213       END-IF
        144   001214     END-PERFORM
        145   001220 
        146   001230     CONTINUE.
        147   001240 SORTIN-END.
        148   001250     ACCEPT  TIMEVAL  FROM  TIME
        149   001260     DISPLAY  ' SORTI-ENDED:' N-SORT ':' TIMEVAL
        150   001270*
        151   001280     EXIT SECTION.
        152   001290 SORT-INPUT-E.
        153   001300/
        154   001310 SORT-OUTPUT       SECTION.
        155   001320*
        156   001330     ACCEPT  TIMEVAL  FROM  TIME
        157   001340     DISPLAY  ' SORTO-START:' N-SORT ':' TIMEVAL.
        158   001350*
        159   001360 LOOP-ST.
        160   001370     RETURN  SORT-FILE
        161   001380         AT  END  GO TO SORTOUT-END
        162   001390     END-RETURN
        163   001400 
        164   001410     MOVE  V-SORT  TO  V-LLOT
        165   001420     MOVE  SORT-REC(1:V-SORT)  TO  V-REC01-OT(1:V-LLOT)
        166   001430 
        167   001440     WRITE  V-REC01-OT
        168   001450     GO  TO  LOOP-ST
        169   001460 
        170   001470     CONTINUE.
        171   001480 SORTOUT-END.
        172   001490 
        173   001500     ACCEPT  TIMEVAL  FROM  TIME
        174   001510     DISPLAY  ' SORTO-ENDED:' N-sort ':' TIMEVAL
        175   001520*
        176   001530     EXIT SECTION.
        177   001540 SORT-OUTPUT-E.
        178   001550/
        179   001560 EXIT-PROGRAM.


     定義行　名標 　　　　　　　　　　　　　　　　属性と参照行                 A:ARGUMENT D:DATA P:PERFORM R:REFER S:SET


       1-14  BODY                           
       2-14  BODY                           
       3-14  BODY                           
       4-14  BODY                           
       1-27  BODY1                          
       2-27  BODY1                          
       3-27  BODY1                          
       4-27  BODY1                          
       1-40  BODY2                          
       2-40  BODY2                          
       3-40  BODY2                          
       4-40  BODY2                          
       1-54  BODY3                          
       2-54  BODY3                          
       3-54  BODY3                          
       4-54  BODY3                          
         33  CONSTANT-A                     
       1-13  DATAAREA                       
       1-26  DATAAREA                       
       1-39  DATAAREA                       
       1-53  DATAAREA                       
       2-13  DATAAREA                       
       2-26  DATAAREA                       
       2-39  DATAAREA                       
       2-53  DATAAREA                       
       3-13  DATAAREA                       
       3-26  DATAAREA                       
       3-39  DATAAREA                       
       3-53  DATAAREA                       
       4-13  DATAAREA                       
       4-26  DATAAREA                       
       4-39  DATAAREA                       
       4-53  DATAAREA                       
        1-6  DELIM0                         
        2-6  DELIM0                         
        3-6  DELIM0                         
        4-6  DELIM0                         
        1-8  DELIM1                         
        2-8  DELIM1                         
        3-8  DELIM1                         
        4-8  DELIM1                         
       1-10  DELIM2                         
       2-10  DELIM2                         
       3-10  DELIM2                         
       4-10  DELIM2                         
       1-12  DELIM3                         
       2-12  DELIM3                         
       3-12  DELIM3                         
       4-12  DELIM3                         
        1-3  DUMMYREC                        1-16D 1-29D 1-43D
        2-3  DUMMYREC                        2-16D 2-29D 2-43D
        3-3  DUMMYREC                        3-16D 3-29D 3-43D
        4-3  DUMMYREC                        4-16D 4-29D 4-43D
         58  EXEC-LL                         69R
         59  EXEC-PARM                       70R
         57  EXEC-PARM-A                     62R
        179  EXIT-PROGRAM                   
          2  FILEW                          
         46  II                             
         50  ISBREAK                         110S 111R 127S 132S 138S
         49  ISEOF                           75S 78S 86R 111R 121S 123R
         51  KBN                             70S 124R
        1-7  KEY1                            126R 130R 135R
        2-7  KEY1                           
        3-7  KEY1                            88R
        4-7  KEY1                            126R 130R 135R
        1-9  KEY2                            131R 136R
        2-9  KEY2                           
        3-9  KEY2                            89R
        4-9  KEY2                            131R 136R
       1-11  KEY3                            137R
       2-11  KEY3                           
       3-11  KEY3                            90R
       4-11  KEY3                            137R
        1-4  KEYAREA                        
       1-17  KEYAREA                        
       1-30  KEYAREA                        
       1-44  KEYAREA                        
        2-4  KEYAREA                        
       2-17  KEYAREA                        
       2-30  KEYAREA                        
       2-44  KEYAREA                        
        3-4  KEYAREA                        
       3-17  KEYAREA                        
       3-30  KEYAREA                        
       3-44  KEYAREA                        
        4-4  KEYAREA                        
       4-17  KEYAREA                        
       4-30  KEYAREA                        
       4-44  KEYAREA                        
        159  LOOP-ST                         168R
         63  MAIN                           
        103  MAIN-EX                        
         47  N-SORT                          84S 93S 108R 149R 157R 174R
       1-16  REC1                           
       2-16  REC1                           
       3-16  REC1                           
       4-16  REC1                           
       1-29  REC2                           
       2-29  REC2                           
       3-29  REC2                           
       4-29  REC2                           
       1-43  REC3                           
       2-43  REC3                           
       3-43  REC3                           
       4-43  REC3                           
        1-5  RECNO                          
        2-5  RECNO                          
        3-5  RECNO                          
        4-5  RECNO                          
         36  SAVE-A                         
         27  SORT-FILE                       13D 87R 160R
        105  SORT-INPUT                      91R
        152  SORT-INPUT-E                   
        154  SORT-OUTPUT                     92R
        177  SORT-OUTPUT-E                  
         29  SORT-REC                        114S 115R 165R
        147  SORTIN-END                     
        171  SORTOUT-END                     161R
         37  SV-REC                          82S 118S
         54  TIMEVAL                         65S 66R 67R 98S 99R 100R 107S 108R 148S 149R 156S 157R 173S 174R
         53  TIMEVAL-A                      
         17  V-INFILE                        7D 73R 77R 95R 120R
         41  V-LLIN                          18D 81R 82R 113R 114R 117R 118R
         42  V-LLOT                          23D 164S 165R
         44  V-LLSV                          81S 82R 117S 118R
         22  V-OTFILE                        10D 74R 96R
         19  V-REC01-IN                      82R 114R 118R
         24  V-REC01-OT                      165S 167R
         43  V-SORT                          28D 113S 114R 164R 165R
         40  WORK-A                         


＊＊　診断メッセージ　＊＊　(FILEW)


JMN2692I-W  168  GO TO文の後に実行されない文が存在します．その文は，有効とみなします．



＊＊　プログラム特性リスト　＊＊

　ファイル名 = .\soc\sort003.cob
　ソース名　 = FILEW
　翻訳日付　 = 2021年06月06日(日) 12時56分51秒

　　原始プログラムのレコード数　　　　　　　　　=        395 レコード
　　目的プログラムの大きさ（ＣＯＤＥサイズ）　　=       8873 バイト
　　目的プログラムの大きさ（ＤＡＴＡサイズ）　　=       4904 バイト
　　制御レベル　　　　　　　　　　　　　　　　　=       0101 レベル
　　翻訳に要した時間　　　　　　　　　　　　　　=       0.47 秒

　最大重大度コード = W
