NetCOBOL V12.2.0                           2021年06月05日(土) 15時14分52秒  0001                                        


＊＊　指定翻訳オプション　＊＊


NOMAIN,SOURCE,MESSAGE,DLOAD,MAIN(MAIN),XREF,COPY


＊＊　確定翻訳オプション　＊＊


  ALPHAL(ALL)             DUPCHAR(EXT)          NOMAP                     RSV(ALL)                SYNC(FJ)              
  ASCOMP5(NONE)           ENCODE(SJIS,SJIS)       MESSAGE               NOSAI                     TAB(8)                
  BINARY(WORD,MLBON)    NOEQUALS                  MF(NONE)                SCS(ACP)              NOTEST                  
NOCHECK                   FILELIT(LIT)          NONAME                    SDS                     THREAD(SINGLE)        
NOCONF                    FLAG(I)                 NCW(STD)              NOSHREXT                NOTRACE                 
  CONVCHAR(ICONV)       NOFLAGSW                  NSP                     SMSIZE(0)             NOTRUNC                 
  COPY(FULL)            NOINITVALUE               NSPCOMP(NSP)            SOURCE(1)               XREF(FULL)            
NOCOUNT                   LANGLVL(85)           NONUMBER                  SQLGRP                  ZWB                   
  CREATE(OBJ)             LINECOUNT(0)            OBJECT                  SRF(VAR,VAR)                                  
  CURRENCY(\)             LINESIZE(0)           NOOPTIMIZE                SSIN(SYSIN)                                   
  DLOAD                 NOLIST                    QUOTE                   SSOUT(SYSOUT)                                 
NODNTB                    MAIN(MAIN)              RCS(ACP)                STD1(JIS2)                                    


＊＊　ＣＯＰＹ情報　＊＊


   修飾値      行番号  原文名


        1          23  SORTREC                                                                                          
        2          29  SORTREC                                                                                          
        3          35  SORTREC                                                                                          


     行番号 一連番号 A   B


          1   000010 IDENTIFICATION   DIVISION.
          2   000020 PROGRAM-ID.      FILEW.
          3   000030 
          4   000040 ENVIRONMENT      DIVISION.
          5   000050 INPUT-OUTPUT     SECTION.
          6   000060 FILE-CONTROL.
          7   000070     SELECT  V-INFILE  ASSIGN TO     VFILEIN
          8   000080             ORGANIZATION  IS LINE   SEQUENTIAL.
          9   000090 
         10   000100     SELECT  V-OTFILE  ASSIGN TO     VFILEOT
         11   000110             ORGANIZATION  IS LINE   SEQUENTIAL.
         12   000120 
         13   000130     SELECT  SORT-FILE  ASSIGN  TO  SORTWK01.
         14   000140 
         15   000150 
         16   000160 
         17   000170 DATA             DIVISION.
         18   000180 FILE             SECTION.
         19   000190 FD      V-INFILE
         20   000200         RECORD    IS  VARYING IN SIZE
         21   000210         DEPENDING ON  V-LLIN.
         22   000220 01      V-REC01-IN.
         23   000230     COPY  SORTREC.
        1-1 C 000010* VFILE.CBL
        1-2 C 000020*
        1-3 C 000030     07  DUMMYREC.
        1-4 C 000040       08  KEYAREA.                           *> 1-36
        1-5 C 000050       09    RECNO                        PIC  9(08).
        1-6 C 000060       09    DELIM0                       PIC  X(1).
        1-7 C 000070       09    KEY1                         PIC  9(08).
        1-8 C 000080       09    DELIM1                       PIC  X(01).
        1-9 C 000090       09    KEY2                         PIC  9(08).
       1-10 C 000100       09    DELIM2                       PIC  X(01).
       1-11 C 000110       09    KEY3                         PIC  9(08).
       1-12 C 000120       09    DELIM3                       PIC  X(01).
       1-13 C 000130       08  DATAAREA.                      *> 37-1024
       1-14 C 000140       09    BODY                         PIC  X(988).
       1-15 C 000150*
       1-16 C 000160     07  REC1           REDEFINES       DUMMYREC.
       1-17 C 000170       08  KEYAREA.                           *> 1-36
       1-18 C 000180       09    FILLER                       PIC  9(08).
       1-19 C 000190       09    FILLER                       PIC  X(1).
       1-20 C 000200       09    FILLER                       PIC  9(08).
       1-21 C 000210       09    FILLER                       PIC  X(01).
       1-22 C 000220       09    FILLER                       PIC  9(08).
       1-23 C 000230       09    FILLER                       PIC  X(01).
       1-24 C 000240       09    FILLER                       PIC  9(08).
       1-25 C 000250       09    FILLER                       PIC  X(01).
       1-26 C 000260       08  DATAAREA.                      *> 37-1024
       1-27 C 000270       09    BODY1                        PIC  X(988).
       1-28 C 000280*
       1-29 C 000290     07  REC2           REDEFINES       DUMMYREC.
       1-30 C 000300       08  KEYAREA.                           *> 1-36
       1-31 C 000310       09    FILLER                       PIC  9(08).
       1-32 C 000320       09    FILLER                       PIC  X(1).
       1-33 C 000330       09    FILLER                       PIC  9(08).
       1-34 C 000340       09    FILLER                       PIC  X(01).
       1-35 C 000350       09    FILLER                       PIC  9(08).
       1-36 C 000360       09    FILLER                       PIC  X(01).
       1-37 C 000370       09    FILLER                       PIC  9(08).
       1-38 C 000380       09    FILLER                       PIC  X(01).
       1-39 C 000390       08  DATAAREA.                      *> 37-160
       1-40 C 000400       09    BODY2                        PIC  X(124).
       1-41 C 000410 
       1-42 C 000420*
       1-43 C 000430     07  REC3           REDEFINES       DUMMYREC.
       1-44 C 000440       08  KEYAREA.                           *> 1-36
       1-45 C 000450       09    FILLER                       PIC  9(08).
       1-46 C 000460       09    FILLER                       PIC  X(1).
       1-47 C 000470       09    FILLER                       PIC  9(08).
       1-48 C 000480       09    FILLER                       PIC  X(01).
       1-49 C 000490       09    FILLER                       PIC  9(08).
       1-50 C 000500       09    FILLER                       PIC  X(01).
       1-51 C 000510       09    FILLER                       PIC  9(08).
       1-52 C 000520       09    FILLER                       PIC  X(01).
       1-53 C 000530       08  DATAAREA.                      *> 37-256
       1-54 C 000540       09    BODY3                        PIC  X(220).
         24   000240 
         25   000250 FD      V-OTFILE
         26   000260         RECORD    IS  VARYING IN SIZE
         27   000270         DEPENDING ON  V-LLOT.
         28   000280 01      V-REC01-OT.
         29   000290     COPY  SORTREC.
        2-1 C 000010* VFILE.CBL
        2-2 C 000020*
        2-3 C 000030     07  DUMMYREC.
        2-4 C 000040       08  KEYAREA.                           *> 1-36
        2-5 C 000050       09    RECNO                        PIC  9(08).
        2-6 C 000060       09    DELIM0                       PIC  X(1).
        2-7 C 000070       09    KEY1                         PIC  9(08).
        2-8 C 000080       09    DELIM1                       PIC  X(01).
        2-9 C 000090       09    KEY2                         PIC  9(08).
       2-10 C 000100       09    DELIM2                       PIC  X(01).
       2-11 C 000110       09    KEY3                         PIC  9(08).
       2-12 C 000120       09    DELIM3                       PIC  X(01).
       2-13 C 000130       08  DATAAREA.                      *> 37-1024
       2-14 C 000140       09    BODY                         PIC  X(988).
       2-15 C 000150*
       2-16 C 000160     07  REC1           REDEFINES       DUMMYREC.
       2-17 C 000170       08  KEYAREA.                           *> 1-36
       2-18 C 000180       09    FILLER                       PIC  9(08).
       2-19 C 000190       09    FILLER                       PIC  X(1).
       2-20 C 000200       09    FILLER                       PIC  9(08).
       2-21 C 000210       09    FILLER                       PIC  X(01).
       2-22 C 000220       09    FILLER                       PIC  9(08).
       2-23 C 000230       09    FILLER                       PIC  X(01).
       2-24 C 000240       09    FILLER                       PIC  9(08).
       2-25 C 000250       09    FILLER                       PIC  X(01).
       2-26 C 000260       08  DATAAREA.                      *> 37-1024
       2-27 C 000270       09    BODY1                        PIC  X(988).
       2-28 C 000280*
       2-29 C 000290     07  REC2           REDEFINES       DUMMYREC.
       2-30 C 000300       08  KEYAREA.                           *> 1-36
       2-31 C 000310       09    FILLER                       PIC  9(08).
       2-32 C 000320       09    FILLER                       PIC  X(1).
       2-33 C 000330       09    FILLER                       PIC  9(08).
       2-34 C 000340       09    FILLER                       PIC  X(01).
       2-35 C 000350       09    FILLER                       PIC  9(08).
       2-36 C 000360       09    FILLER                       PIC  X(01).
       2-37 C 000370       09    FILLER                       PIC  9(08).
       2-38 C 000380       09    FILLER                       PIC  X(01).
       2-39 C 000390       08  DATAAREA.                      *> 37-160
       2-40 C 000400       09    BODY2                        PIC  X(124).
       2-41 C 000410 
       2-42 C 000420*
       2-43 C 000430     07  REC3           REDEFINES       DUMMYREC.
       2-44 C 000440       08  KEYAREA.                           *> 1-36
       2-45 C 000450       09    FILLER                       PIC  9(08).
       2-46 C 000460       09    FILLER                       PIC  X(1).
       2-47 C 000470       09    FILLER                       PIC  9(08).
       2-48 C 000480       09    FILLER                       PIC  X(01).
       2-49 C 000490       09    FILLER                       PIC  9(08).
       2-50 C 000500       09    FILLER                       PIC  X(01).
       2-51 C 000510       09    FILLER                       PIC  9(08).
       2-52 C 000520       09    FILLER                       PIC  X(01).
       2-53 C 000530       08  DATAAREA.                      *> 37-256
       2-54 C 000540       09    BODY3                        PIC  X(220).
         30   000300 
         31   000310 SD      SORT-FILE
         32   000320         RECORD     IS  VARYING  IN SIZE
         33   000330         DEPENDING  ON  V-SORT.
         34   000340 01      SORT-REC.
         35   000350     COPY  SORTREC.
        3-1 C 000010* VFILE.CBL
        3-2 C 000020*
        3-3 C 000030     07  DUMMYREC.
        3-4 C 000040       08  KEYAREA.                           *> 1-36
        3-5 C 000050       09    RECNO                        PIC  9(08).
        3-6 C 000060       09    DELIM0                       PIC  X(1).
        3-7 C 000070       09    KEY1                         PIC  9(08).
        3-8 C 000080       09    DELIM1                       PIC  X(01).
        3-9 C 000090       09    KEY2                         PIC  9(08).
       3-10 C 000100       09    DELIM2                       PIC  X(01).
       3-11 C 000110       09    KEY3                         PIC  9(08).
       3-12 C 000120       09    DELIM3                       PIC  X(01).
       3-13 C 000130       08  DATAAREA.                      *> 37-1024
       3-14 C 000140       09    BODY                         PIC  X(988).
       3-15 C 000150*
       3-16 C 000160     07  REC1           REDEFINES       DUMMYREC.
       3-17 C 000170       08  KEYAREA.                           *> 1-36
       3-18 C 000180       09    FILLER                       PIC  9(08).
       3-19 C 000190       09    FILLER                       PIC  X(1).
       3-20 C 000200       09    FILLER                       PIC  9(08).
       3-21 C 000210       09    FILLER                       PIC  X(01).
       3-22 C 000220       09    FILLER                       PIC  9(08).
       3-23 C 000230       09    FILLER                       PIC  X(01).
       3-24 C 000240       09    FILLER                       PIC  9(08).
       3-25 C 000250       09    FILLER                       PIC  X(01).
       3-26 C 000260       08  DATAAREA.                      *> 37-1024
       3-27 C 000270       09    BODY1                        PIC  X(988).
       3-28 C 000280*
       3-29 C 000290     07  REC2           REDEFINES       DUMMYREC.
       3-30 C 000300       08  KEYAREA.                           *> 1-36
       3-31 C 000310       09    FILLER                       PIC  9(08).
       3-32 C 000320       09    FILLER                       PIC  X(1).
       3-33 C 000330       09    FILLER                       PIC  9(08).
       3-34 C 000340       09    FILLER                       PIC  X(01).
       3-35 C 000350       09    FILLER                       PIC  9(08).
       3-36 C 000360       09    FILLER                       PIC  X(01).
       3-37 C 000370       09    FILLER                       PIC  9(08).
       3-38 C 000380       09    FILLER                       PIC  X(01).
       3-39 C 000390       08  DATAAREA.                      *> 37-160
       3-40 C 000400       09    BODY2                        PIC  X(124).
       3-41 C 000410 
       3-42 C 000420*
       3-43 C 000430     07  REC3           REDEFINES       DUMMYREC.
       3-44 C 000440       08  KEYAREA.                           *> 1-36
       3-45 C 000450       09    FILLER                       PIC  9(08).
       3-46 C 000460       09    FILLER                       PIC  X(1).
       3-47 C 000470       09    FILLER                       PIC  9(08).
       3-48 C 000480       09    FILLER                       PIC  X(01).
       3-49 C 000490       09    FILLER                       PIC  9(08).
       3-50 C 000500       09    FILLER                       PIC  X(01).
       3-51 C 000510       09    FILLER                       PIC  9(08).
       3-52 C 000520       09    FILLER                       PIC  X(01).
       3-53 C 000530       08  DATAAREA.                      *> 37-256
       3-54 C 000540       09    BODY3                        PIC  X(220).
         36   000360 
         37   000370 WORKING-STORAGE  SECTION.
         38   000380 01     CONSTANT-A.
         39   000390   03   FILLER          PIC     X(08)   VALUE '**CONS**'.
         40   000400*
         41   000410 01     WORK-A.
         42   000420   03   V-LLIN          PIC     9(04)   COMP.
         43   000430   03   V-LLOT          PIC     9(04)   COMP.
         44   000440   03   V-SORT          PIC     9(04)   COMP.
         45   000450 
         46   000460   03   II              PIC     9(08)   COMP.
         47   000470*
         48   000480   03   I-RECS          PIC     9(13)   COMP.
         49   000490   03   I-KEYS1         PIC     9(08)   COMP.
         50   000500   03   I-KEYS2         PIC     9(08)   COMP.
         51   000510   03   I-KEYS3         PIC     9(08)   COMP.
         52   000520 
         53   000530   03   ISEOF           PIC     9(04)   COMP.
         54   000540   03   KBN             PIC     X(01)   VALUE  '0'.
         55   000550 
         56   000560 01  TIMEVAL-A.
         57   000570   03   TIMEVAL         PIC     9(08).
         58   000580   03   TIME-JS         PIC     9(08).
         59   000590   03   TIME-JE         PIC     9(08).
         60   000600   03   TIME-SIS        PIC     9(08).
         61   000610   03   TIME-SIE        PIC     9(08).
         62   000620   03   TIME-SOS        PIC     9(08).
         63   000630   03   TIME-SOE        PIC     9(08).
         64   000640 
         65   000650 
         66   000660 
         67   000670 LINKAGE          SECTION.
         68   000680 01 EXEC-PARM-A.
         69   000690   03   EXEC-LL         PIC  S9(04)  COMP-5.
         70   000700   03   EXEC-PARM       PIC  X(80).
         71   000710 
         72   000720 
         73   000730 PROCEDURE        DIVISION  USING  EXEC-PARM-A.
         74   000740 MAIN             SECTION.
         75   000750*
         76   000760     IF  EXEC-LL  NOT =  ZERO  THEN
         77   000770       MOVE  EXEC-PARM(1:1)  TO  KBN
         78   000780     END-IF
         79   000790 
         80   000800     ACCEPT  TIME-JS  FROM  TIME
         81   000810     SORT  SORT-FILE 
         82   000820           ON  DESCENDING  KEY1  OF  SORT-REC
         83   000830               DESCENDING  KEY2  OF  SORT-REC
         84   000840               DESCENDING  KEY3  OF  SORT-REC
         85   000850       INPUT   PROCEDURE  SORT-INPUT
         86   000860       OUTPUT  PROCEDURE  SORT-OUTPUT
         87   000870 
         88   000880     ACCEPT  TIME-JE  FROM  TIME
         89   000890*
         90   000900     DISPLAY  'STARTJ  :' TIME-JS
         91   000910     DISPLAY  'SORTIN-S:' TIME-SIS
         92   000920     DISPLAY  'SORTIN-E:' TIME-SIE
         93   000930     DISPLAY  'SORTOU-S:' TIME-SOS
         94   000940     DISPLAY  'SORTOU-E:' TIME-SOE
         95   000950     DISPLAY  'ENDJ    :' TIME-JE
         96   000960 
         97   000970     EXIT PROGRAM.
         98   000980 MAIN-EX.
         99   000990/
        100   001000 SORT-INPUT      SECTION.
        101   001010 
        102   001020     ACCEPT  TIMEVAL  FROM  TIME
        103   001030     DISPLAY  'SORT-INPUT-START:' TIMEVAL
        104   001040*
        105   001050     OPEN  INPUT  V-INFILE
        106   001060 
        107   001070     ACCEPT  TIME-SIS  FROM  TIME.
        108   001080     MOVE  0  TO  ISEOF
        109   001090     PERFORM  TEST  BEFORE  UNTIL  ISEOF  =  1
        110   001100       READ  V-INFILE
        111   001110         AT  END  GO TO  SORTIN-END
        112   001120       END-READ
        113   001130 
        114   001140       MOVE  V-LLIN  TO  V-SORT
        115   001150       MOVE  V-REC01-IN(1:V-LLIN)  TO  SORT-REC(1:V-SORT)
        116   001160       RELEASE  SORT-REC
        117   001170     END-PERFORM
        118   001171 
        119   001180     CONTINUE.
        120   001190 SORTIN-END.
        121   001200     ACCEPT  TIME-SIE  FROM  TIME
        122   001210     CLOSE  V-INFILE
        123   001220 
        124   001230     ACCEPT  TIMEVAL  FROM  TIME
        125   001240     DISPLAY  'SORT-INPUT-ENDED:' TIMEVAL
        126   001250*
        127   001260     EXIT SECTION.
        128   001270 SORT-INPUT-E.
        129   001280/
        130   001290 SORT-OUTPUT       SECTION.
        131   001300*
        132   001310     ACCEPT  TIMEVAL  FROM  TIME
        133   001320     DISPLAY  'SORT-OUTPUT-START:' TIMEVAL
        134   001330*
        135   001340     OPEN  OUTPUT  V-OTFILE
        136   001350 
        137   001360     ACCEPT  TIME-SOS  FROM  TIME
        138   001370     MOVE  0  TO  ISEOF
        139   001380     PERFORM  TEST  BEFORE  UNTIL  ISEOF  =  1
        140   001390       RETURN  SORT-FILE
        141   001400         AT  END  GO TO SORTOUT-END
        142   001410       END-RETURN
        143   001420 
        144   001430       MOVE  V-SORT  TO  V-LLOT
        145   001440       MOVE  SORT-REC(1:V-SORT)  TO  V-REC01-OT(1:V-LLOT)
        146   001450 
        147   001460       WRITE  V-REC01-OT
        148   001470     END-PERFORM
        149   001480 
        150   001481     CONTINUE.
        151   001490 SORTOUT-END.
        152   001500     ACCEPT  TIME-SOE  FROM  TIME
        153   001510     CLOSE  V-OTFILE
        154   001520 
        155   001530     ACCEPT  TIMEVAL  FROM  TIME
        156   001540     DISPLAY  'SORT-OUTPUT-START:' TIMEVAL
        157   001550*
        158   001560     EXIT SECTION.
        159   001570 SORT-OUTPUT-E.
        160   001580/
        161   001590 EXIT-PROGRAM.


     定義行　名標 　　　　　　　　　　　　　　　　属性と参照行                 A:ARGUMENT D:DATA P:PERFORM R:REFER S:SET


       1-14  BODY                           
       2-14  BODY                           
       3-14  BODY                           
       1-27  BODY1                          
       2-27  BODY1                          
       3-27  BODY1                          
       1-40  BODY2                          
       2-40  BODY2                          
       3-40  BODY2                          
       1-54  BODY3                          
       2-54  BODY3                          
       3-54  BODY3                          
         38  CONSTANT-A                     
       1-13  DATAAREA                       
       1-26  DATAAREA                       
       1-39  DATAAREA                       
       1-53  DATAAREA                       
       2-13  DATAAREA                       
       2-26  DATAAREA                       
       2-39  DATAAREA                       
       2-53  DATAAREA                       
       3-13  DATAAREA                       
       3-26  DATAAREA                       
       3-39  DATAAREA                       
       3-53  DATAAREA                       
        1-6  DELIM0                         
        2-6  DELIM0                         
        3-6  DELIM0                         
        1-8  DELIM1                         
        2-8  DELIM1                         
        3-8  DELIM1                         
       1-10  DELIM2                         
       2-10  DELIM2                         
       3-10  DELIM2                         
       1-12  DELIM3                         
       2-12  DELIM3                         
       3-12  DELIM3                         
        1-3  DUMMYREC                        1-16D 1-29D 1-43D
        2-3  DUMMYREC                        2-16D 2-29D 2-43D
        3-3  DUMMYREC                        3-16D 3-29D 3-43D
         69  EXEC-LL                         76R
         70  EXEC-PARM                       77R
         68  EXEC-PARM-A                     73R
        161  EXIT-PROGRAM                   
          2  FILEW                          
         49  I-KEYS1                        
         50  I-KEYS2                        
         51  I-KEYS3                        
         48  I-RECS                         
         46  II                             
         53  ISEOF                           108S 109R 138S 139R
         54  KBN                             77S
        1-7  KEY1                           
        2-7  KEY1                           
        3-7  KEY1                            82R
        1-9  KEY2                           
        2-9  KEY2                           
        3-9  KEY2                            83R
       1-11  KEY3                           
       2-11  KEY3                           
       3-11  KEY3                            84R
        1-4  KEYAREA                        
       1-17  KEYAREA                        
       1-30  KEYAREA                        
       1-44  KEYAREA                        
        2-4  KEYAREA                        
       2-17  KEYAREA                        
       2-30  KEYAREA                        
       2-44  KEYAREA                        
        3-4  KEYAREA                        
       3-17  KEYAREA                        
       3-30  KEYAREA                        
       3-44  KEYAREA                        
         74  MAIN                           
         98  MAIN-EX                        
       1-16  REC1                           
       2-16  REC1                           
       3-16  REC1                           
       1-29  REC2                           
       2-29  REC2                           
       3-29  REC2                           
       1-43  REC3                           
       2-43  REC3                           
       3-43  REC3                           
        1-5  RECNO                          
        2-5  RECNO                          
        3-5  RECNO                          
         31  SORT-FILE                       13D 81R 140R
        100  SORT-INPUT                      85R
        128  SORT-INPUT-E                   
        130  SORT-OUTPUT                     86R
        159  SORT-OUTPUT-E                  
         34  SORT-REC                        115S 116R 145R
        120  SORTIN-END                      111R
        151  SORTOUT-END                     141R
         59  TIME-JE                         88S 95R
         58  TIME-JS                         80S 90R
         61  TIME-SIE                        92R 121S
         60  TIME-SIS                        91R 107S
         63  TIME-SOE                        94R 152S
         62  TIME-SOS                        93R 137S
         57  TIMEVAL                         102S 103R 124S 125R 132S 133R 155S 156R
         56  TIMEVAL-A                      
         19  V-INFILE                        7D 105R 110R 122R
         42  V-LLIN                          21D 114R 115R
         43  V-LLOT                          27D 144S 145R
         25  V-OTFILE                        10D 135R 153R
         22  V-REC01-IN                      115R
         28  V-REC01-OT                      145S 147R
         44  V-SORT                          33D 114S 115R 144R 145R
         41  WORK-A                         


＊＊　プログラム特性リスト　＊＊

　ファイル名 = .\soc\sort002.cob
　ソース名　 = FILEW
　翻訳日付　 = 2021年06月05日(土) 15時14分52秒

　　原始プログラムのレコード数　　　　　　　　　=        323 レコード
　　目的プログラムの大きさ（ＣＯＤＥサイズ）　　=       7396 バイト
　　目的プログラムの大きさ（ＤＡＴＡサイズ）　　=       3944 バイト
　　制御レベル　　　　　　　　　　　　　　　　　=       0101 レベル
　　翻訳に要した時間　　　　　　　　　　　　　　=       0.54 秒

　最大重大度コード = I
